warning: 'swift-html': found 1 file(s) which are unhandled; explicitly declare them as resources or exclude from the target
    $INSTITUTE/swift-foundations/swift-html/Sources/HTML/HTML.docc
Building for debugging...
[Computing dependencies]
[Provisioning 3 / 693]
[Constructing description]
[Pre-planning 1 / 14710]
[Planning 1 / 14710]
[Planning 1522 / 14710]
[Planning 2874 / 14710]
[Planning 2902 / 14710]
[Planning 2964 / 14710]
[Planning 3024 / 14710]
[Planning 3244 / 14710]
[Planning 3549 / 14710]
[Planning 3916 / 14710]
[Planning 4148 / 14710]
[Planning 4449 / 14710]
[Planning 4685 / 14710]
[Planning 5013 / 14710]
[Planning 5270 / 14710]
[Planning 5640 / 14710]
[Planning 5953 / 14710]
[Planning 6304 / 14710]
[Planning 6533 / 14710]
[Planning 6703 / 14710]
[Planning 6923 / 14710]
[Planning 7212 / 14710]
[Planning 7391 / 14710]
[Planning 7556 / 14710]
[Planning 7821 / 14710]
[Planning 8141 / 14710]
[Planning 8423 / 14710]
[Planning 8669 / 14710]
[Planning 8839 / 14710]
[Planning 9110 / 14710]
[Planning 9468 / 14710]
[Planning 9710 / 14710]
[Planning 9912 / 14710]
[Planning 10290 / 14710]
[Planning 10622 / 14710]
[Planning 10849 / 14710]
[Planning 10984 / 14710]
[Planning 11157 / 14710]
[Planning 11303 / 14710]
[Planning 11451 / 14710]
[Planning 11667 / 14710]
[Planning 11889 / 14710]
[Planning 11971 / 14710]
[Planning 12141 / 14710]
[Planning 12559 / 14710]
[Planning 12772 / 14710]
[Planning 13027 / 14710]
[Planning 13229 / 14710]
[Planning 13431 / 14710]
[Planning 13636 / 14710]
[Planning 13845 / 14710]
[Planning 14073 / 14710]
[Planning 14222 / 14710]
[Planning 14471 / 14710]
[Planning 14643 / 14710]
[Planning deferred tasks]
[Creating build graph]
[Describing: 23527 / 32914]
[Constructing 1 / 32914]
[Constructing 769 / 32914]
[Constructing 2164 / 32914]
[Constructing 3394 / 32914]
[Constructing 4615 / 32914]
[Constructing 6046 / 32914]
[Constructing 9746 / 32914]
[Constructing 13471 / 32914]
[Constructing 17424 / 32914]
[Constructing 20774 / 32914]
[Constructing 21796 / 32914]
[Constructing 24973 / 32914]
[Constructing 27815 / 32914]
[Constructing 29866 / 32914]
[Constructing 32545 / 32914]
[Starting]
[11 / 3457] W3C CSSOM
[21 / 3465] Serializer Primitive
[30 / 3465] Span Primitive
[32 / 3465] Store Primitive
[35 / 3481] Storage Primitive
[43 / 3483] Radix Primitive
[44 / 3483] Sequence Primitive
[57 / 3485] Parser Primitive
[58 / 3485] Property Primitive
[71 / 3487] Ordinal Primitive
[71 / 3487] Render Primitive
[85 / 3489] Memory Primitive
[86 / 3489] Markdown
[89 / 3490] W3C CSSOM
[99 / 3491] Ordinal Primitive
[105 / 3492] Ordinal Primitive
[111 / 3494] Input Namespace Primitives
[112 / 3494] Order Primitive
[124 / 3496] Iterator Primitive
[137 / 3497] W3C CSSOM-product
[160 / 3497] W3C CSSOM
[162 / 3497] cmark-gfm-extensions
[169 / 3500] Sequence Primitive
[171 / 3501] Render Primitive
[172 / 3501] IEC 61966 Shared
[190 / 3503] Radix Primitive
[193 / 3505] Serializer Lazy Primitives
[193 / 3505] Time Primitive
[203 / 3509] Serializer Always Primitives
[206 / 3510] Serializer Witness Primitives
[217 / 3511] Ordinal Primitive
[226 / 3531] Serializer Lazy Primitives
[230 / 3531] Serializer Trace Primitives
[240 / 3531] Machine Primitive
[246 / 3532] Finite Primitive
[248 / 3534] Finite Primitive
[249 / 3534] Render Primitives
[262 / 3536] Equation Primitive
[282 / 3539] Finite Primitive
[284 / 3539] Finite Primitive
[296 / 3541] Equation Primitive
[300 / 3541] Carrier Primitive
[316 / 3543] Comparison Primitive
[320 / 3544] Comparison Primitive
error: SwiftCompile normal wasm32 failed with a nonzero exit code. Command line:     cd $INSTITUTE/swift-foundations
    
[339 / 3547] Bit Primitive
$SCRATCH/scratchpad/wbsnap/checkouts/swift-markdown/Sources/Markdown/Base/Document.swift:11:8: [1;31merror: [1;39mno such module 'Foundation'[0;0m
 [0;36m9 |[0;0m */
[0;36m10 |[0;0m 
[0;36m11 |[0;0m import Foundation
   [0;36m|[0;0m        `- [1;31merror: [1;39mno such module 'Foundation'[0;0m
[0;36m12 |[0;0m 
[0;36m13 |[0;0m /// A markup element representing the top level of a whole document.
Failed frontend command:
$TOOLCHAINS/swift-DEVELOPMENT-SNAPSHOT-2026-07-11-a.xctoolchain/usr/bin/swift-frontend -frontend -c $SCRATCH/scratchpad/wbsnap/checkouts/swift-markdown/Sources/Markdown/Base/ChildIndexPath.swift $SCRATCH/scratchpad/wbsnap/checkouts/swift-markdown/Sources/Markdown/Base/DirectiveArgument.swift $SCRATCH/scratchpad/wbsnap/checkouts/swift-markdown/Sources/Markdown/Base/Document.swift $SCRATCH/scratchpad/wbsnap/checkouts/swift-markdown/Sources/Markdown/Base/LiteralMarkup.swift $SCRATCH/scratchpad/wbsnap/checkouts/swift-markdown/Sources/Markdown/Base/Markup.swift $SCRATCH/scratchpad/wbsnap/checkouts/swift-markdown/Sources/Markdown/Base/MarkupChildren.swift $SCRATCH/scratchpad/wbsnap/checkouts/swift-markdown/Sources/Markdown/Base/MarkupData.swift $SCRATCH/scratchpad/wbsnap/checkouts/swift-markdown/Sources/Markdown/Base/PlainTextConvertibleMarkup.swift $SCRATCH/scratchpad/wbsnap/checkouts/swift-markdown/Sources/Markdown/Base/RawMarkup.swift $SCRATCH/scratchpad/wbsnap/checkouts/swift-markdown/Sources/Markdown/Block\ Nodes/Block\ Container\ Blocks/BlockDirective.swift $SCRATCH/scratchpad/wbsnap/checkouts/swift-markdown/Sources/Markdown/Block\ Nodes/Block\ Container\ Blocks/BlockQuote.swift $SCRATCH/scratchpad/wbsnap/checkouts/swift-markdown/Sources/Markdown/Block\ Nodes/Block\ Container\ Blocks/CustomBlock.swift $SCRATCH/scratchpad/wbsnap/checkouts/swift-markdown/Sources/Markdown/Block\ Nodes/Block\ Container\ Blocks/Doxygen\ Commands/DoxygenAbstract.swift $SCRATCH/scratchpad/wbsnap/checkouts/swift-markdown/Sources/Markdown/Block\ Nodes/Block\ Container\ Blocks/Doxygen\ Commands/DoxygenDiscussion.swift $SCRATCH/scratchpad/wbsnap/checkouts/swift-markdown/Sources/Markdown/Block\ Nodes/Block\ Container\ Blocks/Doxygen\ Commands/DoxygenNote.swift $SCRATCH/scratchpad/wbsnap/checkouts/swift-markdown/Sources/Markdown/Block\ Nodes/Block\ Container\ Blocks/Doxygen\ Commands/DoxygenParameter.swift $SCRATCH/scratchpad/wbsnap/checkouts/swift-markdown/Sources/Markdown/Block\ Nodes/Block\ Container\ Blocks/Doxygen\ Commands/DoxygenReturns.swift $SCRATCH/scratchpad/wbsnap/checkouts/swift-markdown/Sources/Markdown/Block\ Nodes/Block\ Container\ Blocks/ListItem.swift $SCRATCH/scratchpad/wbsnap/checkouts/swift-markdown/Sources/Markdown/Block\ Nodes/Block\ Container\ Blocks/OrderedList.swift $SCRATCH/scratchpad/wbsnap/checkouts/swift-markdown/Sources/Markdown/Block\ Nodes/Block\ Container\ Blocks/UnorderedList.swift $SCRATCH/scratchpad/wbsnap/checkouts/swift-markdown/Sources/Markdown/Block\ Nodes/Inline\ Container\ Blocks/Paragraph.swift $SCRATCH/scratchpad/wbsnap/checkouts/swift-markdown/Sources/Markdown/Block\ Nodes/Leaf\ Blocks/CodeBlock.swift $SCRATCH/scratchpad/wbsnap/checkouts/swift-markdown/Sources/Markdown/Block\ Nodes/Leaf\ Blocks/HTMLBlock.swift $SCRATCH/scratchpad/wbsnap/checkouts/swift-markdown/Sources/Markdown/Block\ Nodes/Leaf\ Blocks/Heading.swift $SCRATCH/scratchpad/wbsnap/checkouts/swift-markdown/Sources/Markdown/Block\ Nodes/Leaf\ Blocks/ThematicBreak.swift $SCRATCH/scratchpad/wbsnap/checkouts/swift-markdown/Sources/Markdown/Block\ Nodes/Tables/Table.swift $SCRATCH/scratchpad/wbsnap/checkouts/swift-markdown/Sources/Markdown/Block\ Nodes/Tables/TableBody.swift $SCRATCH/scratchpad/wbsnap/checkouts/swift-markdown/Sources/Markdown/Block\ Nodes/Tables/TableCell.swift $SCRATCH/scratchpad/wbsnap/checkouts/swift-markdown/Sources/Markdown/Block\ Nodes/Tables/TableCellContainer.swift $SCRATCH/scratchpad/wbsnap/checkouts/swift-markdown/Sources/Markdown/Block\ Nodes/Tables/TableHead.swift $SCRATCH/scratchpad/wbsnap/checkouts/swift-markdown/Sources/Markdown/Block\ Nodes/Tables/TableRow.swift $SCRATCH/scratchpad/wbsnap/checkouts/swift-markdown/Sources/Markdown/Infrastructure/Replacement.swift $SCRATCH/scratchpad/wbsnap/checkouts/swift-markdown/Sources/Markdown/Infrastructure/SourceLocation.swift $SCRATCH/scratchpad/wbsnap/checkouts/swift-markdown/Sources/Markdown/Inline\ Nodes/Inline\ Containers/Emphasis.swift $SCRATCH/scratchpad/wbsnap/checkouts/swift-markdown/Sources/Markdown/Inline\ Nodes/Inline\ Containers/Image.swift $SCRATCH/scratchpad/wbsnap/checkouts/swift-markdown/Sources/Markdown/Inline\ Nodes/Inline\ Containers/InlineAttributes.swift $SCRATCH/scratchpad/wbsnap/checkouts/swift-markdown/Sources/Markdown/Inline\ Nodes/Inline\ Containers/Link.swift $SCRATCH/scratchpad/wbsnap/checkouts/swift-markdown/Sources/Markdown/Inline\ Nodes/Inline\ Containers/Strikethrough.swift $SCRATCH/scratchpad/wbsnap/checkouts/swift-markdown/Sources/Markdown/Inline\ Nodes/Inline\ Containers/Strong.swift $SCRATCH/scratchpad/wbsnap/checkouts/swift-markdown/Sources/Markdown/Inline\ Nodes/Inline\ Leaves/CustomInline.swift $SCRATCH/scratchpad/wbsnap/checkouts/swift-markdown/Sources/Markdown/Inline\ Nodes/Inline\ Leaves/InlineCode.swift $SCRATCH/scratchpad/wbsnap/checkouts/swift-markdown/Sources/Markdown/Inline\ Nodes/Inline\ Leaves/InlineHTML.swift $SCRATCH/scratchpad/wbsnap/checkouts/swift-markdown/Sources/Markdown/Inline\ Nodes/Inline\ Leaves/LineBreak.swift $SCRATCH/scratchpad/wbsnap/checkouts/swift-markdown/Sources/Markdown/Inline\ Nodes/Inline\ Leaves/SoftBreak.swift $SCRATCH/scratchpad/wbsnap/checkouts/swift-markdown/Sources/Markdown/Inline\ Nodes/Inline\ Leaves/SymbolLink.swift $SCRATCH/scratchpad/wbsnap/checkouts/swift-markdown/Sources/Markdown/Inline\ Nodes/Inline\ Leaves/Text.swift $SCRATCH/scratchpad/wbsnap/checkouts/swift-markdown/Sources/Markdown/Interpretive\ Nodes/Aside.swift $SCRATCH/scratchpad/wbsnap/checkouts/swift-markdown/Sources/Markdown/Parser/BlockDirectiveParser.swift $SCRATCH/scratchpad/wbsnap/checkouts/swift-markdown/Sources/Markdown/Parser/CommonMarkConverter.swift $SCRATCH/scratchpad/wbsnap/checkouts/swift-markdown/Sources/Markdown/Parser/LazySplitLines.swift $SCRATCH/scratchpad/wbsnap/checkouts/swift-markdown/Sources/Markdown/Parser/ParseOptions.swift $SCRATCH/scratchpad/wbsnap/checkouts/swift-markdown/Sources/Markdown/Parser/RangeAdjuster.swift $SCRATCH/scratchpad/wbsnap/checkouts/swift-markdown/Sources/Markdown/Parser/RangerTracker.swift $SCRATCH/scratchpad/wbsnap/checkouts/swift-markdown/Sources/Markdown/Rewriter/MarkupRewriter.swift $SCRATCH/scratchpad/wbsnap/checkouts/swift-markdown/Sources/Markdown/Structural\ Restrictions/BasicBlockContainer.swift $SCRATCH/scratchpad/wbsnap/checkouts/swift-markdown/Sources/Markdown/Structural\ Restrictions/BasicInlineContainer.swift $SCRATCH/scratchpad/wbsnap/checkouts/swift-markdown/Sources/Markdown/Structural\ Restrictions/BlockContainer.swift $SCRATCH/scratchpad/wbsnap/checkouts/swift-markdown/Sources/Markdown/Structural\ Restrictions/BlockMarkup.swift $SCRATCH/scratchpad/wbsnap/checkouts/swift-markdown/Sources/Markdown/Structural\ Restrictions/InlineContainer.swift $SCRATCH/scratchpad/wbsnap/checkouts/swift-markdown/Sources/Markdown/Structural\ Restrictions/InlineMarkup.swift $SCRATCH/scratchpad/wbsnap/checkouts/swift-markdown/Sources/Markdown/Structural\ Restrictions/ListItemContainer.swift $SCRATCH/scratchpad/wbsnap/checkouts/swift-markdown/Sources/Markdown/Utility/AtomicCounter.swift $SCRATCH/scratchpad/wbsnap/checkouts/swift-markdown/Sources/Markdown/Utility/CharacterExtensions.swift $SCRATCH/scratchpad/wbsnap/checkouts/swift-markdown/Sources/Markdown/Utility/CollectionExtensions.swift $SCRATCH/scratchpad/wbsnap/checkouts/swift-markdown/Sources/Markdown/Utility/StringExtensions.swift $SCRATCH/scratchpad/wbsnap/checkouts/swift-markdown/Sources/Markdown/Visitor/MarkupVisitor.swift $SCRATCH/scratchpad/wbsnap/checkouts/swift-markdown/Sources/Markdown/Walker/MarkupWalker.swift $SCRATCH/scratchpad/wbsnap/checkouts/swift-markdown/Sources/Markdown/Walker/Walkers/HTMLFormatter.swift $SCRATCH/scratchpad/wbsnap/checkouts/swift-markdown/Sources/Markdown/Walker/Walkers/MarkupFormatter.swift $SCRATCH/scratchpad/wbsnap/checkouts/swift-markdown/Sources/Markdown/Walker/Walkers/MarkupTreeDumper.swift -supplementary-output-file-map $SCRATCH/scratchpad/wbsnap/out/Intermediates.noindex/swift-markdown.build/Debug-webassembly-wasm32/Markdown-t.build/Objects-normal/wasm32/supplementaryOutputs-9 -target wasm32-unknown-wasip1 -disable-objc-interop -sdk $SWIFT_SDKS/swift-DEVELOPMENT-SNAPSHOT-2026-07-11-a_wasm.artifactbundle/swift-DEVELOPMENT-SNAPSHOT-2026-07-11-a_wasm/wasm32-unknown-wasip1/WASI.sdk -sysroot $SWIFT_SDKS/swift-DEVELOPMENT-SNAPSHOT-2026-07-11-a_wasm.artifactbundle/swift-DEVELOPMENT-SNAPSHOT-2026-07-11-a_wasm/wasm32-unknown-wasip1/WASI.sdk -I $SCRATCH/scratchpad/wbsnap/out/Products/Debug-webassembly-wasm32 -module-cache-path $SCRATCH/scratchpad/wbsnap/out/ModuleCache.noindex -validate-clang-modules-once -clang-build-session-file $SCRATCH/scratchpad/wbsnap/out/ModuleCache.noindex/Session.modulevalidation -color-diagnostics -Xcc -fcolor-diagnostics -enable-testing -g -debug-info-format\=dwarf -dwarf-version\=4 -suppress-warnings -swift-version 5 -Onone -D SWIFT_PACKAGE -D DEBUG -D SWIFT_MODULE_RESOURCE_BUNDLE_UNAVAILABLE -D Xcode -serialize-debugging-options -enable-experimental-feature Embedded -enable-experimental-feature DebugDescriptionMacro -empty-abi-descriptor -external-plugin-path $TOOLCHAINS/swift-DEVELOPMENT-SNAPSHOT-2026-07-11-a.xctoolchain/usr/lib/swift/host/plugins/testing\#$TOOLCHAINS/swift-DEVELOPMENT-SNAPSHOT-2026-07-11-a.xctoolchain/usr/bin/swift-plugin-server -user-module-version 0.8.0 -Xcc -working-directory -Xcc $INSTITUTE/swift-foundations -resource-dir $SWIFT_SDKS/swift-DEVELOPMENT-SNAPSHOT-2026-07-11-a_wasm.artifactbundle/swift-DEVELOPMENT-SNAPSHOT-2026-07-11-a_wasm/wasm32-unknown-wasip1/swift.xctoolchain/usr/lib/swift -use-static-resource-dir -enable-anonymous-context-mangled-names -file-compilation-dir $INSTITUTE/swift-foundations -Xcc -resource-dir -Xcc $SWIFT_SDKS/swift-DEVELOPMENT-SNAPSHOT-2026-07-11-a_wasm.artifactbundle/swift-DEVELOPMENT-SNAPSHOT-2026-07-11-a_wasm/wasm32-unknown-wasip1/swift.xctoolchain/usr/lib/swift/clang -Xcc -fmodule-map-file\=$SCRATCH/scratchpad/wbsnap/checkouts/swift-cmark/src/include/module.modulemap -Xcc -fmodule-map-file\=$SCRATCH/scratchpad/wbsnap/checkouts/swift-cmark/extensions/include/module.modulemap -Xcc -fmodule-map-file\=$SCRATCH/scratchpad/wbsnap/checkouts/swift-markdown/Sources/CAtomic/include/module.modulemap -Xcc -D_LIBCPP_HARDENING_MODE\=_LIBCPP_HARDENING_MODE_DEBUG -Xcc -fmodules-prune-interval\=86400 -Xcc -fmodules-prune-after\=345600 -Xcc -I$SCRATCH/scratchpad/wbsnap/checkouts/swift-cmark/src/include -Xcc -I$SCRATCH/scratchpad/wbsnap/checkouts/swift-cmark/extensions/include -Xcc -I$SCRATCH/scratchpad/wbsnap/checkouts/swift-markdown/Sources/CAtomic/include -Xcc -I$SCRATCH/scratchpad/wbsnap/out/Products/Debug-webassembly-wasm32/include -Xcc -I$SCRATCH/scratchpad/wbsnap/out/Intermediates.noindex/swift-markdown.build/Debug-webassembly-wasm32/Markdown-t.build/DerivedSources-normal/wasm32 -Xcc -I$SCRATCH/scratchpad/wbsnap/out/Intermediates.noindex/swift-markdown.build/Debug-webassembly-wasm32/Markdown-t.build/DerivedSources/wasm32 -Xcc -I$SCRATCH/scratchpad/wbsnap/out/Intermediates.noindex/swift-markdown.build/Debug-webassembly-wasm32/Markdown-t.build/DerivedSources -Xcc -DSWIFT_PACKAGE -Xcc -DDEBUG\=1 -no-auto-bridging-header-chaining -module-name Markdown -package-name swift_markdown -const-gather-protocols-file $SCRATCH/scratchpad/wbsnap/out/Intermediates.noindex/swift-markdown.build/Debug-webassembly-wasm32/Markdown-t.build/Objects-normal/wasm32/Markdown_const_extract_protocols.json -in-process-plugin-server-path $TOOLCHAINS/swift-DEVELOPMENT-SNAPSHOT-2026-07-11-a.xctoolchain/usr/lib/swift/host/libSwiftInProcPluginServer.dylib -plugin-path $TOOLCHAINS/swift-DEVELOPMENT-SNAPSHOT-2026-07-11-a.xctoolchain/usr/lib/swift/host/plugins -plugin-path $TOOLCHAINS/swift-DEVELOPMENT-SNAPSHOT-2026-07-11-a.xctoolchain/usr/local/lib/swift/host/plugins -parse-as-library -num-threads 8 -o $SCRATCH/scratchpad/wbsnap/out/Intermediates.noindex/swift-markdown.build/Debug-webassembly-wasm32/Markdown-t.build/Objects-normal/wasm32/ChildIndexPath.o -o $SCRATCH/scratchpad/wbsnap/out/Intermediates.noindex/swift-markdown.build/Debug-webassembly-wasm32/Markdown-t.build/Objects-normal/wasm32/DirectiveArgument.o -o $SCRATCH/scratchpad/wbsnap/out/Intermediates.noindex/swift-markdown.build/Debug-webassembly-wasm32/Markdown-t.build/Objects-normal/wasm32/Document.o -o $SCRATCH/scratchpad/wbsnap/out/Intermediates.noindex/swift-markdown.build/Debug-webassembly-wasm32/Markdown-t.build/Objects-normal/wasm32/LiteralMarkup.o -o $SCRATCH/scratchpad/wbsnap/out/Intermediates.noindex/swift-markdown.build/Debug-webassembly-wasm32/Markdown-t.build/Objects-normal/wasm32/Markup.o -o $SCRATCH/scratchpad/wbsnap/out/Intermediates.noindex/swift-markdown.build/Debug-webassembly-wasm32/Markdown-t.build/Objects-normal/wasm32/MarkupChildren.o -o $SCRATCH/scratchpad/wbsnap/out/Intermediates.noindex/swift-markdown.build/Debug-webassembly-wasm32/Markdown-t.build/Objects-normal/wasm32/MarkupData.o -o $SCRATCH/scratchpad/wbsnap/out/Intermediates.noindex/swift-markdown.build/Debug-webassembly-wasm32/Markdown-t.build/Objects-normal/wasm32/PlainTextConvertibleMarkup.o -o $SCRATCH/scratchpad/wbsnap/out/Intermediates.noindex/swift-markdown.build/Debug-webassembly-wasm32/Markdown-t.build/Objects-normal/wasm32/RawMarkup.o -o $SCRATCH/scratchpad/wbsnap/out/Intermediates.noindex/swift-markdown.build/Debug-webassembly-wasm32/Markdown-t.build/Objects-normal/wasm32/BlockDirective.o -o $SCRATCH/scratchpad/wbsnap/out/Intermediates.noindex/swift-markdown.build/Debug-webassembly-wasm32/Markdown-t.build/Objects-normal/wasm32/BlockQuote.o -o $SCRATCH/scratchpad/wbsnap/out/Intermediates.noindex/swift-markdown.build/Debug-webassembly-wasm32/Markdown-t.build/Objects-normal/wasm32/CustomBlock.o -o $SCRATCH/scratchpad/wbsnap/out/Intermediates.noindex/swift-markdown.build/Debug-webassembly-wasm32/Markdown-t.build/Objects-normal/wasm32/DoxygenAbstract.o -o $SCRATCH/scratchpad/wbsnap/out/Intermediates.noindex/swift-markdown.build/Debug-webassembly-wasm32/Markdown-t.build/Objects-normal/wasm32/DoxygenDiscussion.o -o $SCRATCH/scratchpad/wbsnap/out/Intermediates.noindex/swift-markdown.build/Debug-webassembly-wasm32/Markdown-t.build/Objects-normal/wasm32/DoxygenNote.o -o $SCRATCH/scratchpad/wbsnap/out/Intermediates.noindex/swift-markdown.build/Debug-webassembly-wasm32/Markdown-t.build/Objects-normal/wasm32/DoxygenParameter.o -o $SCRATCH/scratchpad/wbsnap/out/Intermediates.noindex/swift-markdown.build/Debug-webassembly-wasm32/Markdown-t.build/Objects-normal/wasm32/DoxygenReturns.o -o $SCRATCH/scratchpad/wbsnap/out/Intermediates.noindex/swift-markdown.build/Debug-webassembly-wasm32/Markdown-t.build/Objects-normal/wasm32/ListItem.o -o $SCRATCH/scratchpad/wbsnap/out/Intermediates.noindex/swift-markdown.build/Debug-webassembly-wasm32/Markdown-t.build/Objects-normal/wasm32/OrderedList.o -o $SCRATCH/scratchpad/wbsnap/out/Intermediates.noindex/swift-markdown.build/Debug-webassembly-wasm32/Markdown-t.build/Objects-normal/wasm32/UnorderedList.o -o $SCRATCH/scratchpad/wbsnap/out/Intermediates.noindex/swift-markdown.build/Debug-webassembly-wasm32/Markdown-t.build/Objects-normal/wasm32/Paragraph.o -o $SCRATCH/scratchpad/wbsnap/out/Intermediates.noindex/swift-markdown.build/Debug-webassembly-wasm32/Markdown-t.build/Objects-normal/wasm32/CodeBlock.o -o $SCRATCH/scratchpad/wbsnap/out/Intermediates.noindex/swift-markdown.build/Debug-webassembly-wasm32/Markdown-t.build/Objects-normal/wasm32/HTMLBlock.o -o $SCRATCH/scratchpad/wbsnap/out/Intermediates.noindex/swift-markdown.build/Debug-webassembly-wasm32/Markdown-t.build/Objects-normal/wasm32/Heading.o -o $SCRATCH/scratchpad/wbsnap/out/Intermediates.noindex/swift-markdown.build/Debug-webassembly-wasm32/Markdown-t.build/Objects-normal/wasm32/ThematicBreak.o -o $SCRATCH/scratchpad/wbsnap/out/Intermediates.noindex/swift-markdown.build/Debug-webassembly-wasm32/Markdown-t.build/Objects-normal/wasm32/Table.o -o $SCRATCH/scratchpad/wbsnap/out/Intermediates.noindex/swift-markdown.build/Debug-webassembly-wasm32/Markdown-t.build/Objects-normal/wasm32/TableBody.o -o $SCRATCH/scratchpad/wbsnap/out/Intermediates.noindex/swift-markdown.build/Debug-webassembly-wasm32/Markdown-t.build/Objects-normal/wasm32/TableCell.o -o $SCRATCH/scratchpad/wbsnap/out/Intermediates.noindex/swift-markdown.build/Debug-webassembly-wasm32/Markdown-t.build/Objects-normal/wasm32/TableCellContainer.o -o $SCRATCH/scratchpad/wbsnap/out/Intermediates.noindex/swift-markdown.build/Debug-webassembly-wasm32/Markdown-t.build/Objects-normal/wasm32/TableHead.o -o $SCRATCH/scratchpad/wbsnap/out/Intermediates.noindex/swift-markdown.build/Debug-webassembly-wasm32/Markdown-t.build/Objects-normal/wasm32/TableRow.o -o $SCRATCH/scratchpad/wbsnap/out/Intermediates.noindex/swift-markdown.build/Debug-webassembly-wasm32/Markdown-t.build/Objects-normal/wasm32/Replacement.o -o $SCRATCH/scratchpad/wbsnap/out/Intermediates.noindex/swift-markdown.build/Debug-webassembly-wasm32/Markdown-t.build/Objects-normal/wasm32/SourceLocation.o -o $SCRATCH/scratchpad/wbsnap/out/Intermediates.noindex/swift-markdown.build/Debug-webassembly-wasm32/Markdown-t.build/Objects-normal/wasm32/Emphasis.o -o $SCRATCH/scratchpad/wbsnap/out/Intermediates.noindex/swift-markdown.build/Debug-webassembly-wasm32/Markdown-t.build/Objects-normal/wasm32/Image.o -o $SCRATCH/scratchpad/wbsnap/out/Intermediates.noindex/swift-markdown.build/Debug-webassembly-wasm32/Markdown-t.build/Objects-normal/wasm32/InlineAttributes.o -o $SCRATCH/scratchpad/wbsnap/out/Intermediates.noindex/swift-markdown.build/Debug-webassembly-wasm32/Markdown-t.build/Objects-normal/wasm32/Link.o -o $SCRATCH/scratchpad/wbsnap/out/Intermediates.noindex/swift-markdown.build/Debug-webassembly-wasm32/Markdown-t.build/Objects-normal/wasm32/Strikethrough.o -o $SCRATCH/scratchpad/wbsnap/out/Intermediates.noindex/swift-markdown.build/Debug-webassembly-wasm32/Markdown-t.build/Objects-normal/wasm32/Strong.o -o $SCRATCH/scratchpad/wbsnap/out/Intermediates.noindex/swift-markdown.build/Debug-webassembly-wasm32/Markdown-t.build/Objects-normal/wasm32/CustomInline.o -o $SCRATCH/scratchpad/wbsnap/out/Intermediates.noindex/swift-markdown.build/Debug-webassembly-wasm32/Markdown-t.build/Objects-normal/wasm32/InlineCode.o -o $SCRATCH/scratchpad/wbsnap/out/Intermediates.noindex/swift-markdown.build/Debug-webassembly-wasm32/Markdown-t.build/Objects-normal/wasm32/InlineHTML.o -o $SCRATCH/scratchpad/wbsnap/out/Intermediates.noindex/swift-markdown.build/Debug-webassembly-wasm32/Markdown-t.build/Objects-normal/wasm32/LineBreak.o -o $SCRATCH/scratchpad/wbsnap/out/Intermediates.noindex/swift-markdown.build/Debug-webassembly-wasm32/Markdown-t.build/Objects-normal/wasm32/SoftBreak.o -o $SCRATCH/scratchpad/wbsnap/out/Intermediates.noindex/swift-markdown.build/Debug-webassembly-wasm32/Markdown-t.build/Objects-normal/wasm32/SymbolLink.o -o $SCRATCH/scratchpad/wbsnap/out/Intermediates.noindex/swift-markdown.build/Debug-webassembly-wasm32/Markdown-t.build/Objects-normal/wasm32/Text.o -o $SCRATCH/scratchpad/wbsnap/out/Intermediates.noindex/swift-markdown.build/Debug-webassembly-wasm32/Markdown-t.build/Objects-normal/wasm32/Aside.o -o $SCRATCH/scratchpad/wbsnap/out/Intermediates.noindex/swift-markdown.build/Debug-webassembly-wasm32/Markdown-t.build/Objects-normal/wasm32/BlockDirectiveParser.o -o $SCRATCH/scratchpad/wbsnap/out/Intermediates.noindex/swift-markdown.build/Debug-webassembly-wasm32/Markdown-t.build/Objects-normal/wasm32/CommonMarkConverter.o -o $SCRATCH/scratchpad/wbsnap/out/Intermediates.noindex/swift-markdown.build/Debug-webassembly-wasm32/Markdown-t.build/Objects-normal/wasm32/LazySplitLines.o -o $SCRATCH/scratchpad/wbsnap/out/Intermediates.noindex/swift-markdown.build/Debug-webassembly-wasm32/Markdown-t.build/Objects-normal/wasm32/ParseOptions.o -o $SCRATCH/scratchpad/wbsnap/out/Intermediates.noindex/swift-markdown.build/Debug-webassembly-wasm32/Markdown-t.build/Objects-normal/wasm32/RangeAdjuster.o -o $SCRATCH/scratchpad/wbsnap/out/Intermediates.noindex/swift-markdown.build/Debug-webassembly-wasm32/Markdown-t.build/Objects-normal/wasm32/RangerTracker.o -o $SCRATCH/scratchpad/wbsnap/out/Intermediates.noindex/swift-markdown.build/Debug-webassembly-wasm32/Markdown-t.build/Objects-normal/wasm32/MarkupRewriter.o -o $SCRATCH/scratchpad/wbsnap/out/Intermediates.noindex/swift-markdown.build/Debug-webassembly-wasm32/Markdown-t.build/Objects-normal/wasm32/BasicBlockContainer.o -o $SCRATCH/scratchpad/wbsnap/out/Intermediates.noindex/swift-markdown.build/Debug-webassembly-wasm32/Markdown-t.build/Objects-normal/wasm32/BasicInlineContainer.o -o $SCRATCH/scratchpad/wbsnap/out/Intermediates.noindex/swift-markdown.build/Debug-webassembly-wasm32/Markdown-t.build/Objects-normal/wasm32/BlockContainer.o -o $SCRATCH/scratchpad/wbsnap/out/Intermediates.noindex/swift-markdown.build/Debug-webassembly-wasm32/Markdown-t.build/Objects-normal/wasm32/BlockMarkup.o -o $SCRATCH/scratchpad/wbsnap/out/Intermediates.noindex/swift-markdown.build/Debug-webassembly-wasm32/Markdown-t.build/Objects-normal/wasm32/InlineContainer.o -o $SCRATCH/scratchpad/wbsnap/out/Intermediates.noindex/swift-markdown.build/Debug-webassembly-wasm32/Markdown-t.build/Objects-normal/wasm32/InlineMarkup.o -o $SCRATCH/scratchpad/wbsnap/out/Intermediates.noindex/swift-markdown.build/Debug-webassembly-wasm32/Markdown-t.build/Objects-normal/wasm32/ListItemContainer.o -o $SCRATCH/scratchpad/wbsnap/out/Intermediates.noindex/swift-markdown.build/Debug-webassembly-wasm32/Markdown-t.build/Objects-normal/wasm32/AtomicCounter.o -o $SCRATCH/scratchpad/wbsnap/out/Intermediates.noindex/swift-markdown.build/Debug-webassembly-wasm32/Markdown-t.build/Objects-normal/wasm32/CharacterExtensions.o -o $SCRATCH/scratchpad/wbsnap/out/Intermediates.noindex/swift-markdown.build/Debug-webassembly-wasm32/Markdown-t.build/Objects-normal/wasm32/CollectionExtensions.o -o $SCRATCH/scratchpad/wbsnap/out/Intermediates.noindex/swift-markdown.build/Debug-webassembly-wasm32/Markdown-t.build/Objects-normal/wasm32/StringExtensions.o -o $SCRATCH/scratchpad/wbsnap/out/Intermediates.noindex/swift-markdown.build/Debug-webassembly-wasm32/Markdown-t.build/Objects-normal/wasm32/MarkupVisitor.o -o $SCRATCH/scratchpad/wbsnap/out/Intermediates.noindex/swift-markdown.build/Debug-webassembly-wasm32/Markdown-t.build/Objects-normal/wasm32/MarkupWalker.o -o $SCRATCH/scratchpad/wbsnap/out/Intermediates.noindex/swift-markdown.build/Debug-webassembly-wasm32/Markdown-t.build/Objects-normal/wasm32/HTMLFormatter.o -o $SCRATCH/scratchpad/wbsnap/out/Intermediates.noindex/swift-markdown.build/Debug-webassembly-wasm32/Markdown-t.build/Objects-normal/wasm32/MarkupFormatter.o -o $SCRATCH/scratchpad/wbsnap/out/Intermediates.noindex/swift-markdown.build/Debug-webassembly-wasm32/Markdown-t.build/Objects-normal/wasm32/MarkupTreeDumper.o -index-unit-output-path /swift-markdown.build/Debug-webassembly-wasm32/Markdown-t.build/Objects-normal/wasm32/ChildIndexPath.o -index-unit-output-path /swift-markdown.build/Debug-webassembly-wasm32/Markdown-t.build/Objects-normal/wasm32/DirectiveArgument.o -index-unit-output-path /swift-markdown.build/Debug-webassembly-wasm32/Markdown-t.build/Objects-normal/wasm32/Document.o -index-unit-output-path /swift-markdown.build/Debug-webassembly-wasm32/Markdown-t.build/Objects-normal/wasm32/LiteralMarkup.o -index-unit-output-path /swift-markdown.build/Debug-webassembly-wasm32/Markdown-t.build/Objects-normal/wasm32/Markup.o -index-unit-output-path /swift-markdown.build/Debug-webassembly-wasm32/Markdown-t.build/Objects-normal/wasm32/MarkupChildren.o -index-unit-output-path /swift-markdown.build/Debug-webassembly-wasm32/Markdown-t.build/Objects-normal/wasm32/MarkupData.o -index-unit-output-path /swift-markdown.build/Debug-webassembly-wasm32/Markdown-t.build/Objects-normal/wasm32/PlainTextConvertibleMarkup.o -index-unit-output-path /swift-markdown.build/Debug-webassembly-wasm32/Markdown-t.build/Objects-normal/wasm32/RawMarkup.o -index-unit-output-path /swift-markdown.build/Debug-webassembly-wasm32/Markdown-t.build/Objects-normal/wasm32/BlockDirective.o -index-unit-output-path /swift-markdown.build/Debug-webassembly-wasm32/Markdown-t.build/Objects-normal/wasm32/BlockQuote.o -index-unit-output-path /swift-markdown.build/Debug-webassembly-wasm32/Markdown-t.build/Objects-normal/wasm32/CustomBlock.o -index-unit-output-path /swift-markdown.build/Debug-webassembly-wasm32/Markdown-t.build/Objects-normal/wasm32/DoxygenAbstract.o -index-unit-output-path /swift-markdown.build/Debug-webassembly-wasm32/Markdown-t.build/Objects-normal/wasm32/DoxygenDiscussion.o -index-unit-output-path /swift-markdown.build/Debug-webassembly-wasm32/Markdown-t.build/Objects-normal/wasm32/DoxygenNote.o -index-unit-output-path /swift-markdown.build/Debug-webassembly-wasm32/Markdown-t.build/Objects-normal/wasm32/DoxygenParameter.o -index-unit-output-path /swift-markdown.build/Debug-webassembly-wasm32/Markdown-t.build/Objects-normal/wasm32/DoxygenReturns.o -index-unit-output-path /swift-markdown.build/Debug-webassembly-wasm32/Markdown-t.build/Objects-normal/wasm32/ListItem.o -index-unit-output-path /swift-markdown.build/Debug-webassembly-wasm32/Markdown-t.build/Objects-normal/wasm32/OrderedList.o -index-unit-output-path /swift-markdown.build/Debug-webassembly-wasm32/Markdown-t.build/Objects-normal/wasm32/UnorderedList.o -index-unit-output-path /swift-markdown.build/Debug-webassembly-wasm32/Markdown-t.build/Objects-normal/wasm32/Paragraph.o -index-unit-output-path /swift-markdown.build/Debug-webassembly-wasm32/Markdown-t.build/Objects-normal/wasm32/CodeBlock.o -index-unit-output-path /swift-markdown.build/Debug-webassembly-wasm32/Markdown-t.build/Objects-normal/wasm32/HTMLBlock.o -index-unit-output-path /swift-markdown.build/Debug-webassembly-wasm32/Markdown-t.build/Objects-normal/wasm32/Heading.o -index-unit-output-path /swift-markdown.build/Debug-webassembly-wasm32/Markdown-t.build/Objects-normal/wasm32/ThematicBreak.o -index-unit-output-path /swift-markdown.build/Debug-webassembly-wasm32/Markdown-t.build/Objects-normal/wasm32/Table.o -index-unit-output-path /swift-markdown.build/Debug-webassembly-wasm32/Markdown-t.build/Objects-normal/wasm32/TableBody.o -index-unit-output-path /swift-markdown.build/Debug-webassembly-wasm32/Markdown-t.build/Objects-normal/wasm32/TableCell.o -index-unit-output-path /swift-markdown.build/Debug-webassembly-wasm32/Markdown-t.build/Objects-normal/wasm32/TableCellContainer.o -index-unit-output-path /swift-markdown.build/Debug-webassembly-wasm32/Markdown-t.build/Objects-normal/wasm32/TableHead.o -index-unit-output-path /swift-markdown.build/Debug-webassembly-wasm32/Markdown-t.build/Objects-normal/wasm32/TableRow.o -index-unit-output-path /swift-markdown.build/Debug-webassembly-wasm32/Markdown-t.build/Objects-normal/wasm32/Replacement.o -index-unit-output-path /swift-markdown.build/Debug-webassembly-wasm32/Markdown-t.build/Objects-normal/wasm32/SourceLocation.o -index-unit-output-path /swift-markdown.build/Debug-webassembly-wasm32/Markdown-t.build/Objects-normal/wasm32/Emphasis.o -index-unit-output-path /swift-markdown.build/Debug-webassembly-wasm32/Markdown-t.build/Objects-normal/wasm32/Image.o -index-unit-output-path /swift-markdown.build/Debug-webassembly-wasm32/Markdown-t.build/Objects-normal/wasm32/InlineAttributes.o -index-unit-output-path /swift-markdown.build/Debug-webassembly-wasm32/Markdown-t.build/Objects-normal/wasm32/Link.o -index-unit-output-path /swift-markdown.build/Debug-webassembly-wasm32/Markdown-t.build/Objects-normal/wasm32/Strikethrough.o -index-unit-output-path /swift-markdown.build/Debug-webassembly-wasm32/Markdown-t.build/Objects-normal/wasm32/Strong.o -index-unit-output-path /swift-markdown.build/Debug-webassembly-wasm32/Markdown-t.build/Objects-normal/wasm32/CustomInline.o -index-unit-output-path /swift-markdown.build/Debug-webassembly-wasm32/Markdown-t.build/Objects-normal/wasm32/InlineCode.o -index-unit-output-path /swift-markdown.build/Debug-webassembly-wasm32/Markdown-t.build/Objects-normal/wasm32/InlineHTML.o -index-unit-output-path /swift-markdown.build/Debug-webassembly-wasm32/Markdown-t.build/Objects-normal/wasm32/LineBreak.o -index-unit-output-path /swift-markdown.build/Debug-webassembly-wasm32/Markdown-t.build/Objects-normal/wasm32/SoftBreak.o -index-unit-output-path /swift-markdown.build/Debug-webassembly-wasm32/Markdown-t.build/Objects-normal/wasm32/SymbolLink.o -index-unit-output-path /swift-markdown.build/Debug-webassembly-wasm32/Markdown-t.build/Objects-normal/wasm32/Text.o -index-unit-output-path /swift-markdown.build/Debug-webassembly-wasm32/Markdown-t.build/Objects-normal/wasm32/Aside.o -index-unit-output-path /swift-markdown.build/Debug-webassembly-wasm32/Markdown-t.build/Objects-normal/wasm32/BlockDirectiveParser.o -index-unit-output-path /swift-markdown.build/Debug-webassembly-wasm32/Markdown-t.build/Objects-normal/wasm32/CommonMarkConverter.o -index-unit-output-path /swift-markdown.build/Debug-webassembly-wasm32/Markdown-t.build/Objects-normal/wasm32/LazySplitLines.o -index-unit-output-path /swift-markdown.build/Debug-webassembly-wasm32/Markdown-t.build/Objects-normal/wasm32/ParseOptions.o -index-unit-output-path /swift-markdown.build/Debug-webassembly-wasm32/Markdown-t.build/Objects-normal/wasm32/RangeAdjuster.o -index-unit-output-path /swift-markdown.build/Debug-webassembly-wasm32/Markdown-t.build/Objects-normal/wasm32/RangerTracker.o -index-unit-output-path /swift-markdown.build/Debug-webassembly-wasm32/Markdown-t.build/Objects-normal/wasm32/MarkupRewriter.o -index-unit-output-path /swift-markdown.build/Debug-webassembly-wasm32/Markdown-t.build/Objects-normal/wasm32/BasicBlockContainer.o -index-unit-output-path /swift-markdown.build/Debug-webassembly-wasm32/Markdown-t.build/Objects-normal/wasm32/BasicInlineContainer.o -index-unit-output-path /swift-markdown.build/Debug-webassembly-wasm32/Markdown-t.build/Objects-normal/wasm32/BlockContainer.o -index-unit-output-path /swift-markdown.build/Debug-webassembly-wasm32/Markdown-t.build/Objects-normal/wasm32/BlockMarkup.o -index-unit-output-path /swift-markdown.build/Debug-webassembly-wasm32/Markdown-t.build/Objects-normal/wasm32/InlineContainer.o -index-unit-output-path /swift-markdown.build/Debug-webassembly-wasm32/Markdown-t.build/Objects-normal/wasm32/InlineMarkup.o -index-unit-output-path /swift-markdown.build/Debug-webassembly-wasm32/Markdown-t.build/Objects-normal/wasm32/ListItemContainer.o -index-unit-output-path /swift-markdown.build/Debug-webassembly-wasm32/Markdown-t.build/Objects-normal/wasm32/AtomicCounter.o -index-unit-output-path /swift-markdown.build/Debug-webassembly-wasm32/Markdown-t.build/Objects-normal/wasm32/CharacterExtensions.o -index-unit-output-path /swift-markdown.build/Debug-webassembly-wasm32/Markdown-t.build/Objects-normal/wasm32/CollectionExtensions.o -index-unit-output-path /swift-markdown.build/Debug-webassembly-wasm32/Markdown-t.build/Objects-normal/wasm32/StringExtensions.o -index-unit-output-path /swift-markdown.build/Debug-webassembly-wasm32/Markdown-t.build/Objects-normal/wasm32/MarkupVisitor.o -index-unit-output-path /swift-markdown.build/Debug-webassembly-wasm32/Markdown-t.build/Objects-normal/wasm32/MarkupWalker.o -index-unit-output-path /swift-markdown.build/Debug-webassembly-wasm32/Markdown-t.build/Objects-normal/wasm32/HTMLFormatter.o -index-unit-output-path /swift-markdown.build/Debug-webassembly-wasm32/Markdown-t.build/Objects-normal/wasm32/MarkupFormatter.o -index-unit-output-path /swift-markdown.build/Debug-webassembly-wasm32/Markdown-t.build/Objects-normal/wasm32/MarkupTreeDumper.o -index-store-path $SCRATCH/scratchpad/wbsnap/out -index-system-modules
error: Build failed
